### 0 cli render idle.x.md --format text
$ xmd render idle.x.md --format text --root <root> --now 2026-09-16T14:00:00-04:00
exit 0
--- stdout
🦀 [watch] := stopwatch() = ◴ 00:00 elapsed · ○ idle␍
Keep this prose.␍

### 1 cli render idle.x.md --now 2026-09-17T14:00:00-04:00 --format text
$ xmd render idle.x.md --now 2026-09-17T14:00:00-04:00 --format text --root <root>
exit 0
--- stdout
🦀 [watch] := stopwatch() = ◴ 00:00 elapsed · ○ idle␍
Keep this prose.␍

### 2 cli query idle.x.md timers --json
$ xmd query idle.x.md timers --json --root <root> --now 2026-09-16T14:00:00-04:00
exit 0
--- stdout
[
  {
    "anchor": {
      "character": 25,
      "line": 0
    },
    "definition": true,
    "errors": [],
    "hover": "**watch · Stopwatch**\n\n◴ 00:00 elapsed · ○ idle\n\n```text\nstopwatch()\n= ◴ 00:00 elapsed · ○ idle\n```\n\nElapsed: 0s. State: idle.\n\nUse Start / Pause / Resume / Reset timer. Controls save state in the note; ticking never edits it.\n\nDefinition: [watch](<file://<root>/idle.x.md#L1>) · <root>/idle.x.md:1",
    "inlay": true,
    "kind": "timer",
    "line": 0,
    "name": "watch",
    "origin": {
      "document": "file://<root>/idle.x.md",
      "name": "watch"
    },
    "source": {
      "line": 1,
      "path": "<root>/idle.x.md",
      "range": {
        "end": {
          "character": 25,
          "line": 0
        },
        "start": {
          "character": 0,
          "line": 0
        }
      },
      "uri": "file://<root>/idle.x.md#L1"
    },
    "title": "watch",
    "value": {
      "done": false,
      "elapsed": {
        "seconds": 0,
        "type": "duration"
      },
      "idle": true,
      "limit": null,
      "origin": {
        "arguments": [],
        "document": "file://<root>/idle.x.md",
        "function": "stopwatch",
        "line": 0,
        "name": "watch",
        "range": {
          "end": {
            "character": 25,
            "line": 0
          },
          "start": {
            "character": 14,
            "line": 0
          }
        },
        "text": "🦀 [watch] := stopwatch()"
      },
      "running": false,
      "started": null,
      "state": "idle"
    }
  }
]

### 3 lsp
-- open idle.x.md
-- await textDocument/publishDiagnostics idle.x.md
{
  "diagnostics": [],
  "uri": "file://<root>/idle.x.md",
  "version": 1
}
-- request workspace/executeCommand {"arguments":[{"document":"${uri:idle.x.md}","event":{"action":"pause","name":"watch"},"expected":"🦀 [watch] := stopwatch()","kind":"row","module":"timers","row":0}],"command":"xmd.row"}
error: {
  "code": -32602,
  "message": "Cannot pause a idle timer"
}
-- request workspace/executeCommand {"arguments":[{"document":"${uri:idle.x.md}","event":{"action":"start","name":"watch"},"expected":"🦀 [watch] := stopwatch()","kind":"row","module":"timers","row":0}],"command":"xmd.row"}
null
-- await workspace/applyEdit
{
  "edit": {
    "documentChanges": [
      {
        "edits": [
          {
            "newText": "stopwatch(0s, 2026-09-16T14:00:00-04:00)",
            "range": {
              "end": {
                "character": 25,
                "line": 0
              },
              "start": {
                "character": 14,
                "line": 0
              }
            }
          }
        ],
        "textDocument": {
          "uri": "file://<root>/idle.x.md",
          "version": 1
        }
      }
    ]
  }
}

### 4 cli render running.x.md --format text
$ xmd render running.x.md --format text --root <root> --now 2026-09-16T14:00:00-04:00
exit 0
--- stdout
[watch] := stopwatch(0s, 2026-09-16T13:58:47-04:00) = ◴ 01:13 elapsed · ▸ running
Keep this prose.

### 5 cli render running.x.md --now 2026-09-16T14:01:00-04:00 --format text
$ xmd render running.x.md --now 2026-09-16T14:01:00-04:00 --format text --root <root>
exit 0
--- stdout
[watch] := stopwatch(0s, 2026-09-16T13:58:47-04:00) = ◴ 02:13 elapsed · ▸ running
Keep this prose.

### 6 cli query running.x.md timers --json
$ xmd query running.x.md timers --json --root <root> --now 2026-09-16T14:00:00-04:00
exit 0
--- stdout
[
  {
    "anchor": {
      "character": 51,
      "line": 0
    },
    "definition": true,
    "errors": [],
    "hover": "**watch · Stopwatch**\n\n◴ 01:13 elapsed · ▸ running\n\n```text\nstopwatch(0s, 2026-09-16T13:58:47-04:00)\n= ◴ 01:13 elapsed · ▸ running\n```\n\nElapsed: 1m 13s. State: running. Current segment started: 2026-09-16T13:58:47-04:00.\n\nUse Start / Pause / Resume / Reset timer. Controls save state in the note; ticking never edits it.\n\nDefinition: [watch](<file://<root>/running.x.md#L1>) · <root>/running.x.md:1",
    "inlay": true,
    "kind": "timer",
    "line": 0,
    "name": "watch",
    "origin": {
      "document": "file://<root>/running.x.md",
      "name": "watch"
    },
    "source": {
      "line": 1,
      "path": "<root>/running.x.md",
      "range": {
        "end": {
          "character": 51,
          "line": 0
        },
        "start": {
          "character": 0,
          "line": 0
        }
      },
      "uri": "file://<root>/running.x.md#L1"
    },
    "title": "watch",
    "value": {
      "done": false,
      "elapsed": {
        "seconds": 73,
        "type": "duration"
      },
      "idle": false,
      "limit": null,
      "origin": {
        "arguments": [
          "0s",
          "2026-09-16T13:58:47-04:00"
        ],
        "document": "file://<root>/running.x.md",
        "function": "stopwatch",
        "line": 0,
        "name": "watch",
        "range": {
          "end": {
            "character": 51,
            "line": 0
          },
          "start": {
            "character": 11,
            "line": 0
          }
        },
        "text": "[watch] := stopwatch(0s, 2026-09-16T13:58:47-04:00)"
      },
      "running": true,
      "started": {
        "type": "datetime",
        "value": "2026-09-16T13:58:47-04:00"
      },
      "state": "running"
    }
  }
]

### 7 lsp
-- open running.x.md
-- request workspace/executeCommand {"arguments":[{"document":"${uri:running.x.md}","event":{"action":"pause","name":"watch"},"expected":"[watch] := stopwatch(0s, 2026-09-16T13:58:47-04:00)","kind":"row","module":"timers","row":0}],"command":"xmd.row"}
null
-- await workspace/applyEdit
{
  "edit": {
    "documentChanges": [
      {
        "edits": [
          {
            "newText": "stopwatch(73s)",
            "range": {
              "end": {
                "character": 51,
                "line": 0
              },
              "start": {
                "character": 11,
                "line": 0
              }
            }
          }
        ],
        "textDocument": {
          "uri": "file://<root>/running.x.md",
          "version": 1
        }
      }
    ]
  }
}
-- request workspace/executeCommand {"arguments":[{"document":"${uri:running.x.md}","event":{"action":"reset","name":"watch"},"expected":"[watch] := stopwatch(0s, 2026-09-16T13:58:47-04:00)","kind":"row","module":"timers","row":0}],"command":"xmd.row"}
null
-- await workspace/applyEdit
{
  "edit": {
    "documentChanges": [
      {
        "edits": [
          {
            "newText": "stopwatch()",
            "range": {
              "end": {
                "character": 51,
                "line": 0
              },
              "start": {
                "character": 11,
                "line": 0
              }
            }
          }
        ],
        "textDocument": {
          "uri": "file://<root>/running.x.md",
          "version": 1
        }
      }
    ]
  }
}

### 8 cli render paused.x.md --format text
$ xmd render paused.x.md --format text --root <root> --now 2026-09-16T14:00:00-04:00
exit 0
--- stdout
[watch] := stopwatch(73s) = ◴ 01:13 elapsed · ‖ paused
Keep this prose.

### 9 cli render paused.x.md --now 2026-09-16T15:00:00-04:00 --format text
$ xmd render paused.x.md --now 2026-09-16T15:00:00-04:00 --format text --root <root>
exit 0
--- stdout
[watch] := stopwatch(73s) = ◴ 01:13 elapsed · ‖ paused
Keep this prose.

### 10 cli query paused.x.md timers --json
$ xmd query paused.x.md timers --json --root <root> --now 2026-09-16T14:00:00-04:00
exit 0
--- stdout
[
  {
    "anchor": {
      "character": 25,
      "line": 0
    },
    "definition": true,
    "errors": [],
    "hover": "**watch · Stopwatch**\n\n◴ 01:13 elapsed · ‖ paused\n\n```text\nstopwatch(73s)\n= ◴ 01:13 elapsed · ‖ paused\n```\n\nElapsed: 1m 13s. State: paused.\n\nUse Start / Pause / Resume / Reset timer. Controls save state in the note; ticking never edits it.\n\nDefinition: [watch](<file://<root>/paused.x.md#L1>) · <root>/paused.x.md:1",
    "inlay": true,
    "kind": "timer",
    "line": 0,
    "name": "watch",
    "origin": {
      "document": "file://<root>/paused.x.md",
      "name": "watch"
    },
    "source": {
      "line": 1,
      "path": "<root>/paused.x.md",
      "range": {
        "end": {
          "character": 25,
          "line": 0
        },
        "start": {
          "character": 0,
          "line": 0
        }
      },
      "uri": "file://<root>/paused.x.md#L1"
    },
    "title": "watch",
    "value": {
      "done": false,
      "elapsed": {
        "seconds": 73,
        "type": "duration"
      },
      "idle": false,
      "limit": null,
      "origin": {
        "arguments": [
          "73s"
        ],
        "document": "file://<root>/paused.x.md",
        "function": "stopwatch",
        "line": 0,
        "name": "watch",
        "range": {
          "end": {
            "character": 25,
            "line": 0
          },
          "start": {
            "character": 11,
            "line": 0
          }
        },
        "text": "[watch] := stopwatch(73s)"
      },
      "running": false,
      "started": null,
      "state": "paused"
    }
  }
]

### 11 lsp
-- open paused.x.md
-- request workspace/executeCommand {"arguments":[{"document":"${uri:paused.x.md}","event":{"action":"start","name":"watch"},"expected":"[watch] := stopwatch(73s)","kind":"row","module":"timers","row":0}],"command":"xmd.row"}
error: {
  "code": -32602,
  "message": "Cannot start a paused timer"
}
-- request workspace/executeCommand {"arguments":[{"document":"${uri:paused.x.md}","event":{"action":"resume","name":"watch"},"expected":"[watch] := stopwatch(73s)","kind":"row","module":"timers","row":0}],"command":"xmd.row"}
null
-- await workspace/applyEdit
{
  "edit": {
    "documentChanges": [
      {
        "edits": [
          {
            "newText": "stopwatch(73s, 2026-09-16T14:00:00-04:00)",
            "range": {
              "end": {
                "character": 25,
                "line": 0
              },
              "start": {
                "character": 11,
                "line": 0
              }
            }
          }
        ],
        "textDocument": {
          "uri": "file://<root>/paused.x.md",
          "version": 1
        }
      }
    ]
  }
}

### 12 cli render alias.x.md --format text
$ xmd render alias.x.md --format text --root <root> --now 2026-09-16T14:00:00-04:00
exit 0
--- stdout
[alias] := import("./shared.x.md").focus = ◷ ░░░░░░░░ 25:00 remaining · ○ idle
Remaining [alias.remaining] 25m.
- [ ] Work @timer(alias) ◷ ░░░░░░░░ 25:00 remaining · ○ idle

### 13 lsp
-- open alias.x.md
-- await textDocument/publishDiagnostics alias.x.md
{
  "diagnostics": [],
  "uri": "file://<root>/alias.x.md",
  "version": 1
}
-- request textDocument/codeLens alias.x.md
[
  {
    "command": {
      "arguments": [
        {
          "document": "file://<root>/shared.x.md",
          "event": {
            "action": "start",
            "name": "focus"
          },
          "expected": "[focus] := countdown(25m)",
          "kind": "row",
          "module": "timers",
          "row": 0
        }
      ],
      "command": "xmd.row",
      "title": "▸ start focus"
    },
    "range": {
      "end": {
        "character": 0,
        "line": 0
      },
      "start": {
        "character": 0,
        "line": 0
      }
    }
  },
  {
    "command": {
      "arguments": [
        {
          "document": "file://<root>/shared.x.md",
          "event": {
            "action": "start",
            "name": "focus"
          },
          "expected": "[focus] := countdown(25m)",
          "kind": "row",
          "module": "timers",
          "row": 0
        }
      ],
      "command": "xmd.row",
      "title": "▸ start focus"
    },
    "range": {
      "end": {
        "character": 0,
        "line": 1
      },
      "start": {
        "character": 0,
        "line": 1
      }
    }
  },
  {
    "command": {
      "arguments": [
        {
          "document": "file://<root>/alias.x.md",
          "event": {
            "line": 2
          },
          "expected": "- [ ] Work @timer(alias)",
          "kind": "row",
          "module": "tasks",
          "row": 2
        }
      ],
      "command": "xmd.row",
      "title": "✓ done"
    },
    "range": {
      "end": {
        "character": 0,
        "line": 2
      },
      "start": {
        "character": 0,
        "line": 2
      }
    }
  },
  {
    "command": {
      "arguments": [
        {
          "document": "file://<root>/shared.x.md",
          "event": {
            "action": "start",
            "name": "focus"
          },
          "expected": "[focus] := countdown(25m)",
          "kind": "row",
          "module": "timers",
          "row": 0
        }
      ],
      "command": "xmd.row",
      "title": "▸ start focus"
    },
    "range": {
      "end": {
        "character": 0,
        "line": 2
      },
      "start": {
        "character": 0,
        "line": 2
      }
    }
  }
]
-- request workspace/executeCommand {"arguments":[{"document":"${uri:shared.x.md}","event":{"action":"start","name":"focus"},"expected":"[focus] := countdown(25m)","kind":"row","module":"timers","row":0}],"command":"xmd.row"}
null
-- await workspace/applyEdit
{
  "edit": {
    "documentChanges": [
      {
        "edits": [
          {
            "newText": "countdown(25m, 0s, 2026-09-16T14:00:00-04:00)",
            "range": {
              "end": {
                "character": 25,
                "line": 0
              },
              "start": {
                "character": 11,
                "line": 0
              }
            }
          }
        ],
        "textDocument": {
          "uri": "file://<root>/shared.x.md",
          "version": null
        }
      }
    ]
  }
}

### 14 read idle.x.md running.x.md paused.x.md shared.x.md
-- idle.x.md
🦀 [watch] := stopwatch()␍
Keep this prose.␍
-- running.x.md
[watch] := stopwatch(0s, 2026-09-16T13:58:47-04:00)
Keep this prose.
-- paused.x.md
[watch] := stopwatch(73s)
Keep this prose.
-- shared.x.md
[focus] := countdown(25m)

