### 0 lsp
-- open sig.x.md
-- await textDocument/publishDiagnostics sig.x.md
{
  "diagnostics": [
    {
      "code": "evaluation",
      "message": "Unrecognized date",
      "range": {
        "end": {
          "character": 27,
          "line": 2
        },
        "start": {
          "character": 7,
          "line": 2
        }
      },
      "severity": 1,
      "source": "xmd"
    }
  ],
  "uri": "file://<root>/sig.x.md",
  "version": 1
}
-- request textDocument/signatureHelp sig.x.md 0:26
{
  "activeParameter": 2,
  "activeSignature": 0,
  "signatures": [
    {
      "documentation": {
        "kind": "markdown",
        "value": "An idle countdown. Use Start timer to capture a timestamp; elapsed and started are persisted by timer controls."
      },
      "label": "countdown(duration: Duration, elapsed?: Duration, started?: DateTime) → Countdown",
      "parameters": [
        {
          "label": "duration: Duration"
        },
        {
          "label": "elapsed?: Duration"
        },
        {
          "label": "started?: DateTime"
        }
      ]
    }
  ]
}
-- request textDocument/signatureHelp sig.x.md 0:17
{
  "activeParameter": 0,
  "activeSignature": 0,
  "signatures": [
    {
      "documentation": {
        "kind": "markdown",
        "value": "An idle countdown. Use Start timer to capture a timestamp; elapsed and started are persisted by timer controls."
      },
      "label": "countdown(duration: Duration, elapsed?: Duration, started?: DateTime) → Countdown",
      "parameters": [
        {
          "label": "duration: Duration"
        },
        {
          "label": "elapsed?: Duration"
        },
        {
          "label": "started?: DateTime"
        }
      ]
    }
  ]
}
-- request textDocument/signatureHelp sig.x.md 0:30
{
  "activeSignature": 0,
  "signatures": [
    {
      "documentation": {
        "kind": "markdown",
        "value": "The current timestamp. Sampled once per evaluation; live hints refresh every second."
      },
      "label": "now() → DateTime",
      "parameters": []
    }
  ]
}
-- request textDocument/signatureHelp sig.x.md 1:11
null
-- request textDocument/signatureHelp sig.x.md 2:25
{
  "activeParameter": 0,
  "activeSignature": 0,
  "signatures": [
    {
      "documentation": {
        "kind": "markdown",
        "value": "Parse ISO or relative date text, or take a timestamp's calendar date in the request timezone."
      },
      "label": "date(value: Text, Date, or DateTime) → Date or DateTime",
      "parameters": [
        {
          "label": "value: Text, Date, or DateTime"
        }
      ]
    }
  ]
}
-- request textDocument/signatureHelp sig.x.md 7:26
{
  "activeParameter": 1,
  "activeSignature": 0,
  "signatures": [
    {
      "documentation": {
        "kind": "markdown",
        "value": "Add compatible quantities from a list, skipping nulls, or a row expression over each table row, keeping units."
      },
      "label": "sum(items: List or Table, expression?: row calculation) → Number, Money, Ratio, or Duration",
      "parameters": [
        {
          "label": "items: List or Table"
        },
        {
          "label": "expression?: row calculation"
        }
      ]
    }
  ]
}

