### 0 cli render daily.x.md --format text
$ wtf render daily.x.md --format text --root <root> --now 2026-09-16T14:00:00-04:00
exit 0
--- stdout
# Release :release ███░░░░░ 1/3 complete · 30m estimated left
- [x] Parser
- [ ] Review [src.receipt] image · open preview :review @estimate(30m)
- [ ] Publish @after(review) @due(src.departure-7d) ⊘ blocked by review · → due 2026-09-18
[progress] := completed(release)/total(release) = 33.3333%
src := import("./resources.x.md") = import("<root>/resources.x.md")

### 1 lsp
-- open daily.x.md
-- await textDocument/publishDiagnostics daily.x.md
{
  "diagnostics": [],
  "uri": "file://<root>/daily.x.md",
  "version": 1
}
-- request textDocument/inlayHint daily.x.md {"end":{"character":0,"line":200},"start":{"character":0,"line":0}}
[
  {
    "label": "███░░░░░ 1/3 complete · 30m estimated left",
    "paddingLeft": true,
    "position": {
      "character": 18,
      "line": 0
    },
    "tooltip": {
      "kind": "markdown",
      "value": "`███░░░░░░░ 33%` 1/3 complete · 30m estimated left"
    }
  },
  {
    "label": "image · open preview",
    "paddingLeft": true,
    "position": {
      "character": 26,
      "line": 2
    },
    "tooltip": {
      "kind": "markdown",
      "value": "[Open resource](<file://<root>/receipt.png>)\n\n![Preview](<file://<root>/receipt.png>)"
    }
  },
  {
    "label": "⊘ blocked by review · → due 2026-09-18",
    "paddingLeft": true,
    "position": {
      "character": 51,
      "line": 3
    },
    "tooltip": {
      "kind": "markdown",
      "value": "Use code actions to complete/reopen tasks or start/pause/reset their timer. Completing a task does not stop its timer."
    }
  },
  {
    "label": "= 33.3333%",
    "paddingLeft": true,
    "position": {
      "character": 47,
      "line": 4
    },
    "tooltip": {
      "kind": "markdown",
      "value": "**progress · Ratio**\n\n33.3333%\n\n```text\ncompleted(release)/total(release)\n= completed(3 tasks)/total(3 tasks)\n= 33.3333%\n```\n\nInputs: [release](<file://<root>/daily.x.md#L1>)\n\nDefinition: [progress](<file://<root>/daily.x.md#L5>) · <root>/daily.x.md:5"
    }
  },
  {
    "label": "= import(\"<root>/resources.x.md\")",
    "paddingLeft": true,
    "position": {
      "character": 33,
      "line": 5
    },
    "tooltip": {
      "kind": "markdown",
      "value": "**src · Namespace**\n\nimport(\"<root>/resources.x.md\")\n\n```text\nimport(\"./resources.x.md\")\n= import(\"<root>/resources.x.md\")\n```\n\nDefinition: [src](<file://<root>/daily.x.md#L6>) · <root>/daily.x.md:6"
    }
  }
]
-- request textDocument/hover daily.x.md 2:18
{
  "contents": {
    "kind": "markdown",
    "value": "**receipt · Resource**\n\n./receipt.png\n\n[Open resource](<file://<root>/receipt.png>)\n\n![Preview](<file://<root>/receipt.png>)\n\nDefinition: [receipt](<file://<root>/resources.x.md#L1>) · <root>/resources.x.md:1"
  },
  "range": {
    "end": {
      "character": 25,
      "line": 2
    },
    "start": {
      "character": 18,
      "line": 2
    }
  }
}
-- request textDocument/definition daily.x.md 2:18
{
  "range": {
    "end": {
      "character": 23,
      "line": 0
    },
    "start": {
      "character": 16,
      "line": 0
    }
  },
  "uri": "file://<root>/resources.x.md"
}
-- request textDocument/documentLink daily.x.md
[
  {
    "range": {
      "end": {
        "character": 25,
        "line": 2
      },
      "start": {
        "character": 14,
        "line": 2
      }
    },
    "target": "file://<root>/receipt.png",
    "tooltip": "Open file://<root>/receipt.png"
  }
]
-- request textDocument/rename daily.x.md 2:18
{
  "documentChanges": [
    {
      "edits": [
        {
          "newText": "lunch_receipt",
          "range": {
            "end": {
              "character": 25,
              "line": 2
            },
            "start": {
              "character": 18,
              "line": 2
            }
          }
        }
      ],
      "textDocument": {
        "uri": "file://<root>/daily.x.md",
        "version": 1
      }
    },
    {
      "edits": [
        {
          "newText": "lunch_receipt",
          "range": {
            "end": {
              "character": 23,
              "line": 0
            },
            "start": {
              "character": 16,
              "line": 0
            }
          }
        }
      ],
      "textDocument": {
        "uri": "file://<root>/resources.x.md",
        "version": null
      }
    }
  ]
}
-- request textDocument/codeAction daily.x.md {"end":{"character":0,"line":2},"start":{"character":0,"line":2}}
[
  {
    "edit": {
      "documentChanges": [
        {
          "edits": [
            {
              "newText": "x",
              "range": {
                "end": {
                  "character": 4,
                  "line": 2
                },
                "start": {
                  "character": 3,
                  "line": 2
                }
              }
            },
            {
              "newText": " @completed(2026-09-16)",
              "range": {
                "end": {
                  "character": 49,
                  "line": 2
                },
                "start": {
                  "character": 49,
                  "line": 2
                }
              }
            }
          ],
          "textDocument": {
            "uri": "file://<root>/daily.x.md",
            "version": 1
          }
        }
      ]
    },
    "kind": "refactor.rewrite",
    "title": "✓ done"
  }
]
-- change daily.x.md (version 2)
# Release :release
- [x] Parser
- [x] Review [src.receipt] :review @estimate(30m) @completed(2026-09-16)
- [ ] Publish @after(review) @due(src.departure-7d)
[progress] := completed(release)/total(release)
src := import("./resources.x.md")
-- await textDocument/publishDiagnostics daily.x.md
{
  "diagnostics": [],
  "uri": "file://<root>/daily.x.md",
  "version": 2
}
-- request textDocument/inlayHint daily.x.md {"end":{"character":0,"line":200},"start":{"character":0,"line":0}}
[
  {
    "label": "█████░░░ 2/3 complete",
    "paddingLeft": true,
    "position": {
      "character": 18,
      "line": 0
    },
    "tooltip": {
      "kind": "markdown",
      "value": "`███████░░░ 67%` 2/3 complete"
    }
  },
  {
    "label": "image · open preview",
    "paddingLeft": true,
    "position": {
      "character": 26,
      "line": 2
    },
    "tooltip": {
      "kind": "markdown",
      "value": "[Open resource](<file://<root>/receipt.png>)\n\n![Preview](<file://<root>/receipt.png>)"
    }
  },
  {
    "label": "→ due 2026-09-18",
    "paddingLeft": true,
    "position": {
      "character": 51,
      "line": 3
    },
    "tooltip": {
      "kind": "markdown",
      "value": "Use code actions to complete/reopen tasks or start/pause/reset their timer. Completing a task does not stop its timer."
    }
  },
  {
    "label": "= 66.6667%",
    "paddingLeft": true,
    "position": {
      "character": 47,
      "line": 4
    },
    "tooltip": {
      "kind": "markdown",
      "value": "**progress · Ratio**\n\n66.6667%\n\n```text\ncompleted(release)/total(release)\n= completed(3 tasks)/total(3 tasks)\n= 66.6667%\n```\n\nInputs: [release](<file://<root>/daily.x.md#L1>)\n\nDefinition: [progress](<file://<root>/daily.x.md#L5>) · <root>/daily.x.md:5"
    }
  },
  {
    "label": "= import(\"<root>/resources.x.md\")",
    "paddingLeft": true,
    "position": {
      "character": 33,
      "line": 5
    },
    "tooltip": {
      "kind": "markdown",
      "value": "**src · Namespace**\n\nimport(\"<root>/resources.x.md\")\n\n```text\nimport(\"./resources.x.md\")\n= import(\"<root>/resources.x.md\")\n```\n\nDefinition: [src](<file://<root>/daily.x.md#L6>) · <root>/daily.x.md:6"
    }
  }
]
-- notify workspace/didChangeWatchedFiles {"changes":[{"type":2,"uri":"file://<root>/resources.x.md"}]}
-- await workspace/inlayHint/refresh
null
-- request textDocument/inlayHint daily.x.md {"end":{"character":0,"line":200},"start":{"character":0,"line":0}}
[
  {
    "label": "█████░░░ 2/3 complete",
    "paddingLeft": true,
    "position": {
      "character": 18,
      "line": 0
    },
    "tooltip": {
      "kind": "markdown",
      "value": "`███████░░░ 67%` 2/3 complete"
    }
  },
  {
    "label": "image · open preview",
    "paddingLeft": true,
    "position": {
      "character": 26,
      "line": 2
    },
    "tooltip": {
      "kind": "markdown",
      "value": "[Open resource](<file://<root>/receipt.png>)\n\n![Preview](<file://<root>/receipt.png>)"
    }
  },
  {
    "label": "→ due 2026-09-18",
    "paddingLeft": true,
    "position": {
      "character": 51,
      "line": 3
    },
    "tooltip": {
      "kind": "markdown",
      "value": "Use code actions to complete/reopen tasks or start/pause/reset their timer. Completing a task does not stop its timer."
    }
  },
  {
    "label": "= 66.6667%",
    "paddingLeft": true,
    "position": {
      "character": 47,
      "line": 4
    },
    "tooltip": {
      "kind": "markdown",
      "value": "**progress · Ratio**\n\n66.6667%\n\n```text\ncompleted(release)/total(release)\n= completed(3 tasks)/total(3 tasks)\n= 66.6667%\n```\n\nInputs: [release](<file://<root>/daily.x.md#L1>)\n\nDefinition: [progress](<file://<root>/daily.x.md#L5>) · <root>/daily.x.md:5"
    }
  },
  {
    "label": "= import(\"<root>/resources.x.md\")",
    "paddingLeft": true,
    "position": {
      "character": 33,
      "line": 5
    },
    "tooltip": {
      "kind": "markdown",
      "value": "**src · Namespace**\n\nimport(\"<root>/resources.x.md\")\n\n```text\nimport(\"./resources.x.md\")\n= import(\"<root>/resources.x.md\")\n```\n\nDefinition: [src](<file://<root>/daily.x.md#L6>) · <root>/daily.x.md:6"
    }
  }
]
-- request shutdown null
null

### 2 read daily.x.md resources.x.md
-- daily.x.md
# Release :release
- [x] Parser
- [ ] Review [src.receipt] :review @estimate(30m)
- [ ] Publish @after(review) @due(src.departure-7d)
[progress] := completed(release)/total(release)
src := import("./resources.x.md")
-- resources.x.md
[./receipt.png]:receipt
[2026-09-25]:departure

