### 0 read .xmd/cache.json .xmd/lookups.json
-- .xmd/cache.json
(missing: entity not found)
-- .xmd/lookups.json
(missing: entity not found)

### 1 cli render links.x.md --format text
$ xmd render links.x.md --format text --root <root> --now 2026-09-16T14:00:00-04:00
exit 0
--- stdout
[https://github.com/acme/app/pull/42]:pr ◌ PR #42 · refresh for status
[ready] := pr.merged && pr.checks_passed
--- stderr
<root>/links.x.md:2:12: warning: Module github.property: No cached GitHub status; run xmd refresh

### 2 cli render money.x.md --format text
$ xmd render money.x.md --format text --root <root> --now 2026-09-16T14:00:00-04:00
exit 0
--- stdout
[price] := quote(ACME)
--- stderr
<root>/money.x.md:1:12: warning: No cached quote for ACME; run xmd refresh or use the ⟳ lookups lens

### 3 cli refresh
$ xmd refresh --root <root>
exit 0
--- stdout
Resource cache updated (1 resources)

### 4 read .xmd/cache.json .xmd/lookups.json
-- .xmd/cache.json
{
  "https://github.com/acme/app/pull/42": {
    "title": "Fixture PR",
    "state": "merged",
    "merged": true,
    "checks": "passing",
    "review": "APPROVED",
    "fetched_at": "2026-09-16T18:00:00Z",
    "data": {
      "checks": "passing",
      "merged": true,
      "review": "APPROVED",
      "state": "merged",
      "title": "Fixture PR"
    }
  }
}
-- .xmd/lookups.json
{
  "quote:ACME": {
    "value": {
      "currency": "USD",
      "price": 12.5,
      "symbol": "ACME"
    },
    "fetched_at": "2026-09-16T18:00:00Z",
    "source": "fakequote"
  }
}

### 5 cli render links.x.md --format text
$ xmd render links.x.md --format text --root <root> --now 2026-09-16T14:00:00-04:00
exit 0
--- stdout
[https://github.com/acme/app/pull/42]:pr ✓ merged · ● checks · ✓ approved · just now
[ready] := pr.merged && pr.checks_passed = true

### 6 cli render money.x.md --format text
$ xmd render money.x.md --format text --root <root> --now 2026-09-16T14:00:00-04:00
exit 0
--- stdout
[price] := quote(ACME) = $12.50

### 7 cli query links.x.md map(values, fn(r) => {name: r.name, display: r.display}) --json
$ xmd query links.x.md map(values, fn(r) => {name: r.name, display: r.display}) --json --root <root> --now 2026-09-16T14:00:00-04:00
exit 0
--- stdout
[
  {
    "display": "https://github.com/acme/app/pull/42",
    "name": "pr"
  },
  {
    "display": "true",
    "name": "ready"
  }
]

### 8 cli refresh
$ XMD_TEST_FAIL=1 xmd refresh --root <root>
exit 1
--- stderr
xmd: https://github.com/acme/app/pull/42: gh failed: fixture failure

### 9 read .xmd/cache.json
-- .xmd/cache.json
{
  "https://github.com/acme/app/pull/42": {
    "title": "Fixture PR",
    "state": "merged",
    "merged": true,
    "checks": "passing",
    "review": "APPROVED",
    "fetched_at": "2026-09-16T18:00:00Z",
    "data": {
      "checks": "passing",
      "merged": true,
      "review": "APPROVED",
      "state": "merged",
      "title": "Fixture PR"
    }
  }
}

### 10 cli render links.x.md --format text
$ xmd render links.x.md --format text --root <root> --now 2026-09-16T14:00:00-04:00
exit 0
--- stdout
[https://github.com/acme/app/pull/42]:pr ✓ merged · ● checks · ✓ approved · just now
[ready] := pr.merged && pr.checks_passed = true

