### 0 lsp
-- open ragged.x.md
-- await textDocument/publishDiagnostics ragged.x.md
{
  "diagnostics": [],
  "uri": "file://<root>/ragged.x.md",
  "version": 1
}
-- request textDocument/formatting ragged.x.md
[
  {
    "newText": "| constraint | expression |",
    "range": {
      "end": {
        "character": 23,
        "line": 1
      },
      "start": {
        "character": 0,
        "line": 1
      }
    }
  },
  {
    "newText": "| ---------- | ---------- |",
    "range": {
      "end": {
        "character": 9,
        "line": 2
      },
      "start": {
        "character": 0,
        "line": 2
      }
    }
  },
  {
    "newText": "| a          | x <= 4     |",
    "range": {
      "end": {
        "character": 10,
        "line": 3
      },
      "start": {
        "character": 0,
        "line": 3
      }
    }
  },
  {
    "newText": "| b          | y <= x     |",
    "range": {
      "end": {
        "character": 10,
        "line": 4
      },
      "start": {
        "character": 0,
        "line": 4
      }
    }
  }
]
-- applied to ragged.x.md (version 2)
[p] := maximize(x + y)
| constraint | expression |
| ---------- | ---------- |
| a          | x <= 4     |
| b          | y <= x     |
-- request textDocument/formatting ragged.x.md
[]
-- open ragged-ontype.x.md
-- request textDocument/onTypeFormatting ragged-ontype.x.md 4:10
[
  {
    "newText": "| constraint | expression |",
    "range": {
      "end": {
        "character": 23,
        "line": 1
      },
      "start": {
        "character": 0,
        "line": 1
      }
    }
  },
  {
    "newText": "| ---------- | ---------- |",
    "range": {
      "end": {
        "character": 9,
        "line": 2
      },
      "start": {
        "character": 0,
        "line": 2
      }
    }
  },
  {
    "newText": "| a          | x <= 4     |",
    "range": {
      "end": {
        "character": 10,
        "line": 3
      },
      "start": {
        "character": 0,
        "line": 3
      }
    }
  },
  {
    "newText": "| b          | y <= x     |",
    "range": {
      "end": {
        "character": 10,
        "line": 4
      },
      "start": {
        "character": 0,
        "line": 4
      }
    }
  }
]
-- applied to ragged-ontype.x.md (version 2)
[p] := maximize(x + y)
| constraint | expression |
| ---------- | ---------- |
| a          | x <= 4     |
| b          | y <= x     |

### 1 lsp
-- open crlf.x.md
-- await textDocument/publishDiagnostics crlf.x.md
{
  "diagnostics": [],
  "uri": "file://<root>/crlf.x.md",
  "version": 1
}
-- request textDocument/formatting crlf.x.md
[
  {
    "newText": "| item        | n    |",
    "range": {
      "end": {
        "character": 8,
        "line": 2
      },
      "start": {
        "character": 0,
        "line": 2
      }
    }
  },
  {
    "newText": "| :---------: | ---: |",
    "range": {
      "end": {
        "character": 12,
        "line": 3
      },
      "start": {
        "character": 0,
        "line": 3
      }
    }
  },
  {
    "newText": "| \"梨 | pear\" | 2    |",
    "range": {
      "end": {
        "character": 14,
        "line": 4
      },
      "start": {
        "character": 0,
        "line": 4
      }
    }
  },
  {
    "newText": "| apple\\|pear | 4    |",
    "range": {
      "end": {
        "character": 15,
        "line": 5
      },
      "start": {
        "character": 0,
        "line": 5
      }
    }
  }
]
-- applied to crlf.x.md (version 2)
# Shopping␍
[t] := table␍
| item        | n    |␍
| :---------: | ---: |␍
| "梨 | pear" | 2    |␍
| apple\|pear | 4    |␍
␍
| ordinary | table |␍
|---|---|␍
|leave|alone|
-- request textDocument/formatting crlf.x.md
[]

### 2 cli query crlf.x.md sum(t, n) --json
$ xmd query crlf.x.md sum(t, n) --json --root <root> --now 2026-09-16T14:00:00-04:00
exit 0
--- stdout
[
  6
]

### 3 cli query crlf.x.md map(tables, fn(r) => {name: r.name, display: r.display}) --json
$ xmd query crlf.x.md map(tables, fn(r) => {name: r.name, display: r.display}) --json --root <root> --now 2026-09-16T14:00:00-04:00
exit 0
--- stdout
[
  {
    "display": "2 rows · 2 columns",
    "name": "t"
  }
]

### 4 cli query inert.x.md map(tables, fn(r) => {name: r.name, display: r.display}) --json
$ xmd query inert.x.md map(tables, fn(r) => {name: r.name, display: r.display}) --json --root <root> --now 2026-09-16T14:00:00-04:00
exit 0
--- stdout
[]

### 5 cli render inert.x.md --format text
$ xmd render inert.x.md --format text --root <root> --now 2026-09-16T14:00:00-04:00
exit 0
--- stdout
```xmd
[t] := table
|n|
|---|
|1|
```
<!--
[t] := table
-->

