### 0 cli render calc.x.md --format text
$ wtf render calc.x.md --format text --root <root> --now 2026-09-16T14:00:00-04:00
exit 0
--- stdout
🦀 [round(2.6)] custom 3

### 1 cli query calc.x.md calculations | select anchor --json
$ wtf query calc.x.md calculations | select anchor --json --root <root> --now 2026-09-16T14:00:00-04:00
exit 0
--- stdout
[
  {
    "character": 15,
    "line": 0
  }
]

### 2 write
-- write .wtf/modules/custom.x.md (72 bytes)

### 3 cli render calc.x.md --format text
$ wtf render calc.x.md --format text --root <root> --now 2026-09-16T14:00:00-04:00
exit 0
--- stdout
🦀 [round(2.6)]

### 4 write
-- write .wtf/modules/custom.x.md (462 bytes)

### 5 lsp
-- open hello.x.md
-- await textDocument/publishDiagnostics hello.x.md
{
  "diagnostics": [
    {
      "code": "greeting",
      "message": "Check greeting",
      "range": {
        "end": {
          "character": 5,
          "line": 0
        },
        "start": {
          "character": 0,
          "line": 0
        }
      },
      "severity": 2,
      "source": "wtf"
    }
  ],
  "uri": "file://<root>/hello.x.md",
  "version": 1
}
-- request textDocument/hover hello.x.md 0:1
{
  "contents": {
    "kind": "markdown",
    "value": "Greeting"
  },
  "range": {
    "end": {
      "character": 5,
      "line": 0
    },
    "start": {
      "character": 0,
      "line": 0
    }
  }
}
-- request textDocument/formatting hello.x.md
[
  {
    "newText": "HELLO",
    "range": {
      "end": {
        "character": 5,
        "line": 0
      },
      "start": {
        "character": 0,
        "line": 0
      }
    }
  }
]
-- applied to hello.x.md (version 2)
HELLO

### 6 write
-- write .wtf/modules/custom.x.md (317 bytes)

### 7 lsp
-- open hello.x.md
-- await textDocument/publishDiagnostics hello.x.md
{
  "diagnostics": [],
  "uri": "file://<root>/hello.x.md",
  "version": 1
}
-- request textDocument/codeAction hello.x.md {"end":{"character":0,"line":0},"start":{"character":0,"line":0}}
[
  {
    "arguments": [
      {
        "document": "file://<root>/hello.x.md",
        "edits": [
          {
            "newText": "Hello ",
            "range": {
              "end": {
                "character": 0,
                "line": 0
              },
              "start": {
                "character": 0,
                "line": 0
              }
            }
          }
        ],
        "expected": "Hello\n",
        "kind": "edit"
      }
    ],
    "command": "wtf.applyEdits",
    "title": "Insert greeting"
  }
]
-- request workspace/executeCommand {"arguments":"${last:/0/arguments}","command":"${last:/0/command}"}
null
-- await workspace/applyEdit
{
  "edit": {
    "documentChanges": [
      {
        "edits": [
          {
            "newText": "Hello ",
            "range": {
              "end": {
                "character": 0,
                "line": 0
              },
              "start": {
                "character": 0,
                "line": 0
              }
            }
          }
        ],
        "textDocument": {
          "uri": "file://<root>/hello.x.md",
          "version": 1
        }
      }
    ]
  }
}
-- change hello.x.md (version 2)
changed
-- await textDocument/publishDiagnostics hello.x.md
{
  "diagnostics": [],
  "uri": "file://<root>/hello.x.md",
  "version": 2
}
-- request workspace/executeCommand {"arguments":[{"document":"${uri:hello.x.md}","edits":[{"newText":"Hello ","range":{"end":{"character":0,"line":0},"start":{"character":0,"line":0}}}],"expected":"Hello\n","kind":"edit"}],"command":"wtf.applyEdits"}
error: {
  "code": -32602,
  "message": "Source changed; request fresh controls"
}

### 8 write
-- write .wtf/modules/custom.x.md (456 bytes)

### 9 lsp
-- open hello.x.md
-- await textDocument/publishDiagnostics hello.x.md
{
  "diagnostics": [],
  "uri": "file://<root>/hello.x.md",
  "version": 1
}
-- request textDocument/codeAction hello.x.md {"end":{"character":0,"line":0},"start":{"character":0,"line":0}}
[
  {
    "arguments": [
      {
        "document": "file://<root>/hello.x.md",
        "event": {},
        "expected": "Hello\n",
        "kind": "invoke",
        "module": "stamp",
        "revision": "24ac349b2d658cf7"
      }
    ],
    "command": "wtf.invoke",
    "title": "Stamp"
  }
]
-- request workspace/executeCommand {"arguments":"${last:/0/arguments}","command":"${last:/0/command}"}
null
-- await workspace/applyEdit
{
  "edit": {
    "documentChanges": [
      {
        "edits": [
          {
            "newText": "2026-09-16T14:00:00-04:00",
            "range": {
              "end": {
                "character": 0,
                "line": 0
              },
              "start": {
                "character": 0,
                "line": 0
              }
            }
          }
        ],
        "textDocument": {
          "uri": "file://<root>/hello.x.md",
          "version": 1
        }
      }
    ]
  }
}
-- write .wtf/modules/custom.x.md (460 bytes)
-- watched .wtf/modules/custom.x.md
-- await textDocument/publishDiagnostics hello.x.md
{
  "diagnostics": [],
  "uri": "file://<root>/hello.x.md",
  "version": 1
}
-- request textDocument/codeAction hello.x.md {"end":{"character":0,"line":0},"start":{"character":0,"line":0}}
[
  {
    "arguments": [
      {
        "document": "file://<root>/hello.x.md",
        "event": {},
        "expected": "Hello\n",
        "kind": "invoke",
        "module": "stamp",
        "revision": "e7b49df83ee85799"
      }
    ],
    "command": "wtf.invoke",
    "title": "New stamp"
  }
]
-- request workspace/executeCommand {"arguments":[{"document":"${uri:hello.x.md}","event":{},"expected":"Hello\n","kind":"invoke","module":"stamp","revision":"0"}],"command":"wtf.invoke"}
error: {
  "code": -32602,
  "message": "Module changed; request fresh controls"
}

