### 0 cli render markers.x.md --format text
$ xmd render markers.x.md --format text --root <root> --now 2026-09-16T14:00:00-04:00
exit 0
--- stdout
Friday, November 20, 2026 3 stops · 09:00 AM – 11:00 AM · in 65 days

09:00 AM  > JFK to MEX → 1h until Something vague
10:00 AM  Something vague → 1h until *Lunch
11:00 AM  *Lunch
--- stderr
<root>/markers.x.md:4:11: warning: Stop has no kind; start the title with one of > < ~ @ * + ? (depart, arrive, transit, stay, meal, visit, explore)
<root>/markers.x.md:5:11: warning: Stop has no kind; start the title with one of > < ~ @ * + ? (depart, arrive, transit, stay, meal, visit, explore)

### 1 cli query markers.x.md map(get(days, 0).value.stops, fn(s) => {line: s.line, title: s.title, kind: s.kind}) --json
$ xmd query markers.x.md map(get(days, 0).value.stops, fn(s) => {line: s.line, title: s.title, kind: s.kind}) --json --root <root> --now 2026-09-16T14:00:00-04:00
exit 0
--- stdout
[
  {
    "kind": {
      "marker": ">",
      "name": "Depart"
    },
    "line": 2,
    "title": "JFK to MEX"
  },
  {
    "kind": null,
    "line": 3,
    "title": "Something vague"
  },
  {
    "kind": null,
    "line": 4,
    "title": "*Lunch"
  }
]

### 2 cli query markers.x.md map(stops, fn(r) => {title: r.title, line: r.line, at_date: r.at_date}) --json
$ xmd query markers.x.md map(stops, fn(r) => {title: r.title, line: r.line, at_date: r.at_date}) --json --root <root> --now 2026-09-16T14:00:00-04:00
exit 0
--- stdout
[
  {
    "at_date": {
      "type": "date",
      "value": "2026-11-20"
    },
    "line": 2,
    "title": "> JFK to MEX"
  },
  {
    "at_date": {
      "type": "date",
      "value": "2026-11-20"
    },
    "line": 3,
    "title": "Something vague"
  },
  {
    "at_date": {
      "type": "date",
      "value": "2026-11-20"
    },
    "line": 4,
    "title": "*Lunch"
  }
]

### 3 cli query markers.x.md map(diagnostics, fn(r) => {line: r.line, severity: r.severity, code: r.code, message: r.message}) --json
$ xmd query markers.x.md map(diagnostics, fn(r) => {line: r.line, severity: r.severity, code: r.code, message: r.message}) --json --root <root> --now 2026-09-16T14:00:00-04:00
exit 0
--- stdout
[
  {
    "code": "itinerary-kind",
    "line": 3,
    "message": "Stop has no kind; start the title with one of > < ~ @ * + ? (depart, arrive, transit, stay, meal, visit, explore)",
    "severity": "warning"
  },
  {
    "code": "itinerary-kind",
    "line": 4,
    "message": "Stop has no kind; start the title with one of > < ~ @ * + ? (depart, arrive, transit, stay, meal, visit, explore)",
    "severity": "warning"
  }
]

### 4 lsp
-- open markers.x.md
-- await textDocument/publishDiagnostics markers.x.md
{
  "diagnostics": [
    {
      "code": "itinerary-kind",
      "message": "Stop has no kind; start the title with one of > < ~ @ * + ? (depart, arrive, transit, stay, meal, visit, explore)",
      "range": {
        "end": {
          "character": 25,
          "line": 3
        },
        "start": {
          "character": 10,
          "line": 3
        }
      },
      "severity": 2,
      "source": "xmd"
    },
    {
      "code": "itinerary-kind",
      "message": "Stop has no kind; start the title with one of > < ~ @ * + ? (depart, arrive, transit, stay, meal, visit, explore)",
      "range": {
        "end": {
          "character": 16,
          "line": 4
        },
        "start": {
          "character": 10,
          "line": 4
        }
      },
      "severity": 2,
      "source": "xmd"
    }
  ],
  "uri": "file://<root>/markers.x.md",
  "version": 1
}
-- request textDocument/formatting markers.x.md
[]
-- applied to markers.x.md (version 2)
Friday, November 20, 2026

09:00 AM  > JFK to MEX
10:00 AM  Something vague
11:00 AM  *Lunch

### 5 cli query carry.x.md map(stops, fn(r) => {title: r.title, at_date: r.at_date}) --json
$ xmd query carry.x.md map(stops, fn(r) => {title: r.title, at_date: r.at_date}) --json --root <root> --now 2026-09-16T14:00:00-04:00
exit 0
--- stdout
[
  {
    "at_date": {
      "type": "date",
      "value": "2026-12-30"
    },
    "title": "> Fly"
  },
  {
    "at_date": {
      "type": "date",
      "value": "2027-01-02"
    },
    "title": "> Fly home"
  }
]

### 6 cli query past.x.md map(stops, fn(r) => {title: r.title, at_date: r.at_date}) --json
$ xmd query past.x.md map(stops, fn(r) => {title: r.title, at_date: r.at_date}) --json --root <root> --now 2026-09-16T14:00:00-04:00
exit 0
--- stdout
[
  {
    "at_date": {
      "type": "date",
      "value": "2027-03-03"
    },
    "title": "Something"
  }
]

### 7 cli query prose.x.md map(days, fn(r) => {title: r.title, line: r.line}) --json
$ xmd query prose.x.md map(days, fn(r) => {title: r.title, line: r.line}) --json --root <root> --now 2026-09-16T14:00:00-04:00
exit 0
--- stdout
[]

### 8 cli query bad.x.md map(diagnostics, fn(r) => {line: r.line, severity: r.severity, code: r.code, message: r.message}) --json
$ xmd query bad.x.md map(diagnostics, fn(r) => {line: r.line, severity: r.severity, code: r.code, message: r.message}) --json --root <root> --now 2026-09-16T14:00:00-04:00
exit 0
--- stdout
[
  {
    "code": "itinerary",
    "line": 0,
    "message": "November 20, 2026 is a Friday, not a Thursday",
    "severity": "error"
  },
  {
    "code": "itinerary",
    "line": 3,
    "message": "08:00 AM is earlier than the previous stop at 09:00 AM",
    "severity": "error"
  },
  {
    "code": "itinerary-kind",
    "line": 3,
    "message": "Stop has no kind; start the title with one of > < ~ @ * + ? (depart, arrive, transit, stay, meal, visit, explore)",
    "severity": "warning"
  },
  {
    "code": "itinerary",
    "line": 5,
    "message": "February 30 is not a valid date",
    "severity": "error"
  },
  {
    "code": "itinerary",
    "line": 9,
    "message": "2026-11-19 comes before the previous day, 2026-11-20",
    "severity": "error"
  }
]

### 9 lsp
-- open complete.x.md
-- request textDocument/completion complete.x.md 2:11
[
  {
    "detail": "itinerary stop",
    "kind": 23,
    "label": "> Depart",
    "textEdit": {
      "newText": "> Depart ",
      "range": {
        "end": {
          "character": 11,
          "line": 2
        },
        "start": {
          "character": 9,
          "line": 2
        }
      }
    }
  }
]
-- request textDocument/completion complete.x.md 5:2
[
  {
    "detail": "stop detail",
    "kind": 10,
    "label": "Address:",
    "textEdit": {
      "newText": "Address: ",
      "range": {
        "end": {
          "character": 2,
          "line": 5
        },
        "start": {
          "character": 0,
          "line": 5
        }
      }
    }
  }
]

