### 0 cli query main.x.md values | select {name, display, errors} --root pair --json
$ xmd query main.x.md values | select {name, display, errors} --root pair --json --now 2026-09-16T12:00:00-04:00
exit 0
--- stdout
[
  {
    "display": "import(\"<root>/pair/other.x.md\")",
    "errors": [],
    "name": "other"
  },
  {
    "display": null,
    "errors": [
      "Dependency cycle: a → b → a"
    ],
    "name": "a"
  },
  {
    "display": "12",
    "errors": [],
    "name": "safe"
  }
]

### 1 cli query main.x.md a --root pair --json
$ xmd query main.x.md a --root pair --json --now 2026-09-16T12:00:00-04:00
exit 1
--- stderr
xmd: Dependency cycle: a → b → a

### 2 cli query main.x.md safe --root pair --json
$ xmd query main.x.md safe --root pair --json --now 2026-09-16T12:00:00-04:00
exit 0
--- stdout
[
  12
]

### 3 cli query daily.x.md values | select {name, display, errors} --root self --json
$ xmd query daily.x.md values | select {name, display, errors} --root self --json --now 2026-09-16T12:00:00-04:00
exit 0
--- stdout
[
  {
    "display": "$1,590",
    "errors": [],
    "name": "remaining"
  },
  {
    "display": "1410",
    "errors": [],
    "name": "spent"
  },
  {
    "display": null,
    "errors": [
      "Dependency cycle: a → b → a"
    ],
    "name": "a"
  },
  {
    "display": null,
    "errors": [
      "Dependency cycle: a → b → a"
    ],
    "name": "b"
  }
]

### 4 cli render daily.x.md --root self --format text
$ xmd render daily.x.md --root self --format text --now 2026-09-16T12:00:00-04:00
exit 1
--- stdout
[remaining] := import("./resources.x.md").budget - spent = $1,590
[spent] := 1410 = 1410
[a] := b
[b] := a
--- stderr
<root>/self/daily.x.md:3:2: error: Dependency cycle: a → b → a
xmd: 1 error(s) while rendering

### 5 cli query daily.x.md diagnostics | select {line, severity, message} --root ambiguous --json
$ xmd query daily.x.md diagnostics | select {line, severity, message} --root ambiguous --json --now 2026-09-16T12:00:00-04:00
exit 0
--- stdout
[
  {
    "line": 0,
    "message": "Unknown name 'budget'",
    "severity": "error"
  }
]

### 6 cli render daily.x.md --root ambiguous --format text
$ xmd render daily.x.md --root ambiguous --format text --now 2026-09-16T12:00:00-04:00
exit 1
--- stdout
Use [budget].
--- stderr
<root>/ambiguous/daily.x.md:1:6: error: Unknown name 'budget'
xmd: 1 error(s) while rendering

