### 0 lsp
-- open n.x.md
-- change n.x.md (version 2)
$9:price
- [ ] Unsaved
-- await textDocument/publishDiagnostics n.x.md
{
  "diagnostics": [],
  "uri": "file://<root>/n.x.md",
  "version": 1
}
-- query values | select {name, value, day:today(), clock:now()}
{
  "now": "2026-09-16T14:00:00-04:00",
  "rows": [
    {
      "clock": {
        "type": "datetime",
        "value": "2026-09-16T14:00:00-04:00"
      },
      "day": {
        "type": "date",
        "value": "2026-09-16"
      },
      "name": "answer",
      "value": null
    },
    {
      "clock": {
        "type": "datetime",
        "value": "2026-09-16T14:00:00-04:00"
      },
      "day": {
        "type": "date",
        "value": "2026-09-16"
      },
      "name": "price",
      "value": {
        "amount": 9,
        "currency": "USD",
        "type": "money"
      }
    },
    {
      "clock": {
        "type": "datetime",
        "value": "2026-09-16T14:00:00-04:00"
      },
      "day": {
        "type": "date",
        "value": "2026-09-16"
      },
      "name": "saved",
      "value": 1
    },
    {
      "clock": {
        "type": "datetime",
        "value": "2026-09-16T14:00:00-04:00"
      },
      "day": {
        "type": "date",
        "value": "2026-09-16"
      },
      "name": "rate",
      "value": 3
    }
  ],
  "schemaVersion": 1,
  "versions": {
    "file://<root>/n.x.md": 2
  }
}
-- query tasks | where leaf && !done | sort source.path, source.line | select title
{
  "now": "2026-09-16T14:00:00-04:00",
  "rows": [
    "Unsaved",
    "Other"
  ],
  "schemaVersion": 1,
  "versions": {
    "file://<root>/n.x.md": 2
  }
}
-- change n.x.md (version 3)
$12:price
- [x] Finished
-- await textDocument/publishDiagnostics n.x.md
{
  "diagnostics": [],
  "uri": "file://<root>/n.x.md",
  "version": 2
}
-- query tasks | where leaf && !done | sort source.path, source.line
{
  "now": "2026-09-16T14:00:00-04:00",
  "rows": [
    {
      "anchor": {
        "character": 11,
        "line": 1
      },
      "at": null,
      "at_date": null,
      "attributes": {},
      "blocked_by": [],
      "blocked_error": null,
      "checked": false,
      "children": [],
      "done": false,
      "due": null,
      "errors": [],
      "estimate": null,
      "in_progress": false,
      "kind": "task",
      "leaf": true,
      "line": 1,
      "name": null,
      "parent": null,
      "schedule": [],
      "scheduled": null,
      "source": {
        "line": 2,
        "path": "<root>/two.x.md",
        "range": {
          "end": {
            "character": 11,
            "line": 1
          },
          "start": {
            "character": 0,
            "line": 1
          }
        },
        "uri": "file://<root>/two.x.md#L2"
      },
      "tags": [],
      "timer": null,
      "title": "Other"
    }
  ],
  "schemaVersion": 1,
  "versions": {
    "file://<root>/n.x.md": 3
  }
}
-- request xmd/query {"query":"tasks | where ("}
error: {
  "code": -32602,
  "message": "Unclosed delimiter in query"
}

### 1 read n.x.md
-- n.x.md
$5:price
- [ ] Saved

### 2 lsp
-- open one.x.md
-- change one.x.md (version 2)
answer := import("./two.x.md").rate * 2
- [ ] Local
-- await textDocument/publishDiagnostics one.x.md
{
  "diagnostics": [],
  "uri": "file://<root>/one.x.md",
  "version": 1
}
-- query map(filter(ast, fn(n) => n.kind == "definition"), fn(n) => n.name)
{
  "now": "2026-09-16T14:00:00-04:00",
  "rows": [
    "answer"
  ],
  "schemaVersion": 1,
  "versions": {
    "file://<root>/one.x.md": 2
  }
}
-- query tasks | select title
{
  "now": "2026-09-16T14:00:00-04:00",
  "rows": [
    "Local"
  ],
  "schemaVersion": 1,
  "versions": {
    "file://<root>/one.x.md": 2
  }
}
-- query length(tasks)
{
  "now": "2026-09-16T14:00:00-04:00",
  "rows": [
    3
  ],
  "schemaVersion": 1,
  "versions": {
    "file://<root>/one.x.md": 2
  }
}
-- query graph.nodes | where external | select name
{
  "now": "2026-09-16T14:00:00-04:00",
  "rows": [
    "rate"
  ],
  "schemaVersion": 1,
  "versions": {
    "file://<root>/one.x.md": 2
  }
}
-- request xmd/query {"query":"ast","uri":"https://example.com/n.x.md"}
error: {
  "code": -32602,
  "message": "Query uri must be a local file URI"
}
-- request xmd/query {"query":"ast","uri":"${uri:missing.x.md}"}
error: {
  "code": -32602,
  "message": "<root>/missing.x.md: No such file or directory (os error 2)"
}

### 3 lsp
-- open main.x.md
-- await textDocument/publishDiagnostics main.x.md
{
  "diagnostics": [
    {
      "code": "unknown-name",
      "message": "Unknown name 'amount'",
      "range": {
        "end": {
          "character": 16,
          "line": 0
        },
        "start": {
          "character": 10,
          "line": 0
        }
      },
      "severity": 1,
      "source": "xmd"
    }
  ],
  "uri": "file://<root>/main.x.md",
  "version": 1
}
-- change main.x.md (version 2)
src := import("./.hidden/values.x.md")
answer := src.amount
-- await textDocument/publishDiagnostics main.x.md
{
  "diagnostics": [],
  "uri": "file://<root>/main.x.md",
  "version": 2
}
-- query answer
{
  "now": "2026-09-16T14:00:00-04:00",
  "rows": [
    42
  ],
  "schemaVersion": 1,
  "versions": {
    "file://<root>/main.x.md": 2
  }
}
-- open .hidden/values.x.md
-- change .hidden/values.x.md (version 2)
amount := 77
-- await textDocument/publishDiagnostics .hidden/values.x.md
{
  "diagnostics": [],
  "uri": "file://<root>/.hidden/values.x.md",
  "version": 1
}
-- query answer
{
  "now": "2026-09-16T14:00:00-04:00",
  "rows": [
    77
  ],
  "schemaVersion": 1,
  "versions": {
    "file://<root>/.hidden/values.x.md": 2,
    "file://<root>/main.x.md": 2
  }
}
-- close .hidden/values.x.md
-- query answer
{
  "now": "2026-09-16T14:00:00-04:00",
  "rows": [
    42
  ],
  "schemaVersion": 1,
  "versions": {
    "file://<root>/main.x.md": 2
  }
}

### 4 read main.x.md .hidden/values.x.md
-- main.x.md
answer := amount
-- .hidden/values.x.md
amount := 42

