### 0 cli render trip.wtf --format text
$ wtf render trip.wtf --format text --root <root> --now 2026-09-16T14:00:00-04:00
exit 0
--- stdout
# New York | Oaxaca

## Friday, November 20, 2026 · New York | Oaxaca 5 stops · 07:04 AM – 07:20 PM · in 65 days

07:04 AM    🛫 Depart JFK for MEX on AM 405 → 4h 51m until Arrive at MEX
        Reservation Number: LPSNKQ
        Seats: 22B, 22C
Note: Flight duration is 5h 51m. 1 free carry on.

11:55 AM    🛬 Arrive at MEX ↻ 2h 50m layover
        Note: 2h 50m layover.

2:45 PM    🛫 Depart MEX for OAX on AM 1050 → 3h 15m until Check in to Majagua Hotel

06:00 PM    🛏️ Check in to Majagua Hotel → 1h 20m until Dinner at Levadura de Olla
Address: 523 Calle de José María Pino Suárez, Centro, Oaxaca, Mexico, 68000
        Confirmation Number: EXP-2550163618

07:20 PM    🍽️ 🌟Dinner at Levadura de Olla cancel by Thu Nov 19, 07:20 PM
        Cancel by: 24h before
        Note: Chef's tasting menu.

SATURDAY, NOVEMBER 21  OAXACA 2 stops · 11:30 AM – 01:00 PM · in 66 days

11:30 AM    🔍🗺️ Explore Oaxaca → 1h 30m until Grab food at Mercado 20 Noviembre
Museum of Cultures of Oaxaca
Zocalo

01:00 PM    🍽️ Grab food at Mercado 20 Noviembre

### 1 cli query trip.wtf map(days, fn(d) => {line: d.line, month: d.value.month, day: d.value.day, year: d.value.year, places: d.value.places, stops: length(d.value.stops)}) --json
$ wtf query trip.wtf map(days, fn(d) => {line: d.line, month: d.value.month, day: d.value.day, year: d.value.year, places: d.value.places, stops: length(d.value.stops)}) --json --root <root> --now 2026-09-16T14:00:00-04:00
exit 0
--- stdout
[
  {
    "day": 20,
    "line": 2,
    "month": 11,
    "places": "New York | Oaxaca",
    "stops": 5,
    "year": 2026
  },
  {
    "day": 21,
    "line": 22,
    "month": 11,
    "places": "OAXACA",
    "stops": 2,
    "year": null
  }
]

### 2 cli query trip.wtf map(get(days, 0).value.stops, fn(s) => {line: s.line, title: s.title, kind: s.kind, time: s.time, details: map(s.details, fn(d) => {key: d.key, value: d.value}), notes: s.notes}) --json
$ wtf query trip.wtf map(get(days, 0).value.stops, fn(s) => {line: s.line, title: s.title, kind: s.kind, time: s.time, details: map(s.details, fn(d) => {key: d.key, value: d.value}), notes: s.notes}) --json --root <root> --now 2026-09-16T14:00:00-04:00
exit 0
--- stdout
[
  {
    "details": [
      {
        "key": "Reservation Number",
        "value": "LPSNKQ"
      },
      {
        "key": "Seats",
        "value": "22B, 22C"
      },
      {
        "key": "Note",
        "value": "Flight duration is 5h 51m. 1 free carry on."
      }
    ],
    "kind": {
      "marker": ">",
      "name": "Depart"
    },
    "line": 4,
    "notes": [],
    "time": {
      "seconds": 25440,
      "type": "duration"
    },
    "title": "Depart JFK for MEX on AM 405"
  },
  {
    "details": [
      {
        "key": "Note",
        "value": "2h 50m layover."
      }
    ],
    "kind": {
      "marker": "<",
      "name": "Arrive"
    },
    "line": 9,
    "notes": [],
    "time": {
      "seconds": 42900,
      "type": "duration"
    },
    "title": "Arrive at MEX"
  },
  {
    "details": [],
    "kind": {
      "marker": ">",
      "name": "Depart"
    },
    "line": 12,
    "notes": [],
    "time": {
      "seconds": 53100,
      "type": "duration"
    },
    "title": "Depart MEX for OAX on AM 1050"
  },
  {
    "details": [
      {
        "key": "Address",
        "value": "523 Calle de José María Pino Suárez, Centro, Oaxaca, Mexico, 68000"
      },
      {
        "key": "Confirmation Number",
        "value": "EXP-2550163618"
      }
    ],
    "kind": {
      "marker": "@",
      "name": "Stay"
    },
    "line": 14,
    "notes": [],
    "time": {
      "seconds": 64800,
      "type": "duration"
    },
    "title": "Check in to Majagua Hotel"
  },
  {
    "details": [
      {
        "key": "Cancel by",
        "value": "24h before"
      },
      {
        "key": "Note",
        "value": "Chef's tasting menu."
      }
    ],
    "kind": {
      "marker": "*",
      "name": "Meal"
    },
    "line": 18,
    "notes": [],
    "time": {
      "seconds": 69600,
      "type": "duration"
    },
    "title": "Dinner at Levadura de Olla"
  }
]

### 3 cli query trip.wtf map(get(days, 1).value.stops, fn(s) => {line: s.line, title: s.title, kind: s.kind, notes: s.notes}) --json
$ wtf query trip.wtf map(get(days, 1).value.stops, fn(s) => {line: s.line, title: s.title, kind: s.kind, notes: s.notes}) --json --root <root> --now 2026-09-16T14:00:00-04:00
exit 0
--- stdout
[
  {
    "kind": {
      "marker": "?",
      "name": "Explore"
    },
    "line": 24,
    "notes": [
      {
        "anchor": {
          "character": 28,
          "line": 25
        },
        "line": 25,
        "line_range": {
          "end": {
            "character": 28,
            "line": 25
          },
          "start": {
            "character": 0,
            "line": 25
          }
        },
        "raw": "Museum of Cultures of Oaxaca"
      },
      {
        "anchor": {
          "character": 6,
          "line": 26
        },
        "line": 26,
        "line_range": {
          "end": {
            "character": 6,
            "line": 26
          },
          "start": {
            "character": 0,
            "line": 26
          }
        },
        "raw": "Zocalo"
      }
    ],
    "title": "Explore Oaxaca"
  },
  {
    "kind": {
      "marker": "*",
      "name": "Meal"
    },
    "line": 28,
    "notes": [],
    "title": "Grab food at Mercado 20 Noviembre"
  }
]

### 4 cli query trip.wtf stops | sort at | select {title, line, at, at_date} --json
$ wtf query trip.wtf stops | sort at | select {title, line, at, at_date} --json --root <root> --now 2026-09-16T14:00:00-04:00
exit 0
--- stdout
[
  {
    "at": {
      "type": "datetime",
      "value": "2026-11-20T07:04:00-04:00"
    },
    "at_date": {
      "type": "date",
      "value": "2026-11-20"
    },
    "line": 4,
    "title": "> Depart JFK for MEX on AM 405"
  },
  {
    "at": {
      "type": "datetime",
      "value": "2026-11-20T11:55:00-04:00"
    },
    "at_date": {
      "type": "date",
      "value": "2026-11-20"
    },
    "line": 9,
    "title": "< Arrive at MEX"
  },
  {
    "at": {
      "type": "datetime",
      "value": "2026-11-20T14:45:00-04:00"
    },
    "at_date": {
      "type": "date",
      "value": "2026-11-20"
    },
    "line": 12,
    "title": "> Depart MEX for OAX on AM 1050"
  },
  {
    "at": {
      "type": "datetime",
      "value": "2026-11-20T18:00:00-04:00"
    },
    "at_date": {
      "type": "date",
      "value": "2026-11-20"
    },
    "line": 14,
    "title": "@ Check in to Majagua Hotel"
  },
  {
    "at": {
      "type": "datetime",
      "value": "2026-11-20T19:20:00-04:00"
    },
    "at_date": {
      "type": "date",
      "value": "2026-11-20"
    },
    "line": 18,
    "title": "* Dinner at Levadura de Olla"
  },
  {
    "at": {
      "type": "datetime",
      "value": "2026-11-21T11:30:00-04:00"
    },
    "at_date": {
      "type": "date",
      "value": "2026-11-21"
    },
    "line": 24,
    "title": "? Explore Oaxaca"
  },
  {
    "at": {
      "type": "datetime",
      "value": "2026-11-21T13:00:00-04:00"
    },
    "at_date": {
      "type": "date",
      "value": "2026-11-21"
    },
    "line": 28,
    "title": "* Grab food at Mercado 20 Noviembre"
  }
]

### 5 cli query trip.wtf entries | sort at | select {kind, title, at} --json
$ wtf query trip.wtf entries | sort at | select {kind, title, at} --json --root <root> --now 2026-09-16T14:00:00-04:00
exit 0
--- stdout
[
  {
    "at": {
      "type": "datetime",
      "value": "2026-11-20T07:04:00-04:00"
    },
    "kind": "stop",
    "title": "> Depart JFK for MEX on AM 405"
  },
  {
    "at": {
      "type": "datetime",
      "value": "2026-11-20T11:55:00-04:00"
    },
    "kind": "stop",
    "title": "< Arrive at MEX"
  },
  {
    "at": {
      "type": "datetime",
      "value": "2026-11-20T14:45:00-04:00"
    },
    "kind": "stop",
    "title": "> Depart MEX for OAX on AM 1050"
  },
  {
    "at": {
      "type": "datetime",
      "value": "2026-11-20T18:00:00-04:00"
    },
    "kind": "stop",
    "title": "@ Check in to Majagua Hotel"
  },
  {
    "at": {
      "type": "datetime",
      "value": "2026-11-20T19:20:00-04:00"
    },
    "kind": "stop",
    "title": "* Dinner at Levadura de Olla"
  },
  {
    "at": {
      "type": "datetime",
      "value": "2026-11-21T11:30:00-04:00"
    },
    "kind": "stop",
    "title": "? Explore Oaxaca"
  },
  {
    "at": {
      "type": "datetime",
      "value": "2026-11-21T13:00:00-04:00"
    },
    "kind": "stop",
    "title": "* Grab food at Mercado 20 Noviembre"
  }
]

### 6 cli query trip.wtf links | select {line, url} --json
$ wtf query trip.wtf links | select {line, url} --json --root <root> --now 2026-09-16T14:00:00-04:00
exit 0
--- stdout
[
  {
    "line": 15,
    "url": "https://www.google.com/maps/search/?api=1&query=523+Calle+de+Jos%C3%A9+Mar%C3%ADa+Pino+Su%C3%A1rez%2C+Centro%2C+Oaxaca%2C+Mexico%2C+68000"
  }
]

### 7 cli query trip.wtf diagnostics | select {line, severity, code, message} --json
$ wtf query trip.wtf diagnostics | select {line, severity, code, message} --json --root <root> --now 2026-09-16T14:00:00-04:00
exit 0
--- stdout
[]

### 8 lsp
-- open trip.wtf
-- await textDocument/publishDiagnostics trip.wtf
{
  "diagnostics": [],
  "uri": "file://<root>/trip.wtf",
  "version": 1
}
-- request textDocument/hover trip.wtf 9:3
{
  "contents": {
    "kind": "markdown",
    "value": "**Arrive at MEX**\n\nArrive · 11:55 AM, Friday, November 20, 2026\n\n→ 2h 50m until Depart MEX for OAX on AM 1050\n\n**Note:** 2h 50m layover."
  },
  "range": {
    "end": {
      "character": 28,
      "line": 9
    },
    "start": {
      "character": 0,
      "line": 9
    }
  }
}
-- request textDocument/documentSymbol trip.wtf
[
  {
    "children": [
      {
        "children": [
          {
            "detail": "07:04 AM · Depart",
            "kind": 24,
            "name": "Depart JFK for MEX on AM 405",
            "range": {
              "end": {
                "character": 49,
                "line": 7
              },
              "start": {
                "character": 0,
                "line": 4
              }
            },
            "selectionRange": {
              "end": {
                "character": 43,
                "line": 4
              },
              "start": {
                "character": 15,
                "line": 4
              }
            }
          },
          {
            "detail": "11:55 AM · Arrive",
            "kind": 24,
            "name": "Arrive at MEX",
            "range": {
              "end": {
                "character": 29,
                "line": 10
              },
              "start": {
                "character": 0,
                "line": 9
              }
            },
            "selectionRange": {
              "end": {
                "character": 28,
                "line": 9
              },
              "start": {
                "character": 15,
                "line": 9
              }
            }
          },
          {
            "detail": "02:45 PM · Depart",
            "kind": 24,
            "name": "Depart MEX for OAX on AM 1050",
            "range": {
              "end": {
                "character": 43,
                "line": 12
              },
              "start": {
                "character": 0,
                "line": 12
              }
            },
            "selectionRange": {
              "end": {
                "character": 43,
                "line": 12
              },
              "start": {
                "character": 14,
                "line": 12
              }
            }
          },
          {
            "detail": "06:00 PM · Stay",
            "kind": 24,
            "name": "Check in to Majagua Hotel",
            "range": {
              "end": {
                "character": 43,
                "line": 16
              },
              "start": {
                "character": 0,
                "line": 14
              }
            },
            "selectionRange": {
              "end": {
                "character": 41,
                "line": 14
              },
              "start": {
                "character": 16,
                "line": 14
              }
            }
          },
          {
            "detail": "07:20 PM · Meal",
            "kind": 24,
            "name": "Dinner at Levadura de Olla",
            "range": {
              "end": {
                "character": 34,
                "line": 20
              },
              "start": {
                "character": 0,
                "line": 18
              }
            },
            "selectionRange": {
              "end": {
                "character": 44,
                "line": 18
              },
              "start": {
                "character": 18,
                "line": 18
              }
            }
          }
        ],
        "detail": "5 stops · Friday 2026-11-20",
        "kind": 3,
        "name": "Friday, November 20, 2026 · New York | Oaxaca",
        "range": {
          "end": {
            "character": 34,
            "line": 20
          },
          "start": {
            "character": 0,
            "line": 2
          }
        },
        "selectionRange": {
          "end": {
            "character": 48,
            "line": 2
          },
          "start": {
            "character": 0,
            "line": 2
          }
        }
      },
      {
        "children": [
          {
            "detail": "11:30 AM · Explore",
            "kind": 24,
            "name": "Explore Oaxaca",
            "range": {
              "end": {
                "character": 6,
                "line": 26
              },
              "start": {
                "character": 0,
                "line": 24
              }
            },
            "selectionRange": {
              "end": {
                "character": 32,
                "line": 24
              },
              "start": {
                "character": 18,
                "line": 24
              }
            }
          },
          {
            "detail": "01:00 PM · Meal",
            "kind": 24,
            "name": "Grab food at Mercado 20 Noviembre",
            "range": {
              "end": {
                "character": 49,
                "line": 28
              },
              "start": {
                "character": 0,
                "line": 28
              }
            },
            "selectionRange": {
              "end": {
                "character": 49,
                "line": 28
              },
              "start": {
                "character": 16,
                "line": 28
              }
            }
          }
        ],
        "detail": "2 stops · Saturday 2026-11-21",
        "kind": 3,
        "name": "November 21 · OAXACA",
        "range": {
          "end": {
            "character": 49,
            "line": 28
          },
          "start": {
            "character": 10,
            "line": 22
          }
        },
        "selectionRange": {
          "end": {
            "character": 21,
            "line": 22
          },
          "start": {
            "character": 10,
            "line": 22
          }
        }
      }
    ],
    "detail": "",
    "kind": 3,
    "name": "New York | Oaxaca",
    "range": {
      "end": {
        "character": 49,
        "line": 28
      },
      "start": {
        "character": 0,
        "line": 0
      }
    },
    "selectionRange": {
      "end": {
        "character": 19,
        "line": 0
      },
      "start": {
        "character": 0,
        "line": 0
      }
    }
  }
]
-- request textDocument/foldingRange trip.wtf
[
  {
    "endLine": 28,
    "kind": "region",
    "startLine": 0
  },
  {
    "endLine": 20,
    "kind": "region",
    "startLine": 2
  },
  {
    "endLine": 28,
    "kind": "region",
    "startLine": 2
  },
  {
    "endLine": 7,
    "kind": "region",
    "startLine": 4
  },
  {
    "endLine": 10,
    "kind": "region",
    "startLine": 9
  },
  {
    "endLine": 16,
    "kind": "region",
    "startLine": 14
  },
  {
    "endLine": 20,
    "kind": "region",
    "startLine": 18
  },
  {
    "endLine": 28,
    "kind": "region",
    "startLine": 22
  },
  {
    "endLine": 26,
    "kind": "region",
    "startLine": 24
  }
]
-- request textDocument/formatting trip.wtf
[
  {
    "newText": "07:04 AM  > Depart JFK for MEX on AM 405",
    "range": {
      "end": {
        "character": 43,
        "line": 4
      },
      "start": {
        "character": 0,
        "line": 4
      }
    }
  },
  {
    "newText": "    Reservation Number: LPSNKQ",
    "range": {
      "end": {
        "character": 34,
        "line": 5
      },
      "start": {
        "character": 0,
        "line": 5
      }
    }
  },
  {
    "newText": "    Seats: 22B, 22C",
    "range": {
      "end": {
        "character": 23,
        "line": 6
      },
      "start": {
        "character": 0,
        "line": 6
      }
    }
  },
  {
    "newText": "    Note: Flight duration is 5h 51m. 1 free carry on.",
    "range": {
      "end": {
        "character": 49,
        "line": 7
      },
      "start": {
        "character": 0,
        "line": 7
      }
    }
  },
  {
    "newText": "11:55 AM  < Arrive at MEX",
    "range": {
      "end": {
        "character": 28,
        "line": 9
      },
      "start": {
        "character": 0,
        "line": 9
      }
    }
  },
  {
    "newText": "    Note: 2h 50m layover.",
    "range": {
      "end": {
        "character": 29,
        "line": 10
      },
      "start": {
        "character": 0,
        "line": 10
      }
    }
  },
  {
    "newText": "02:45 PM  > Depart MEX for OAX on AM 1050",
    "range": {
      "end": {
        "character": 43,
        "line": 12
      },
      "start": {
        "character": 0,
        "line": 12
      }
    }
  },
  {
    "newText": "06:00 PM  @ Check in to Majagua Hotel",
    "range": {
      "end": {
        "character": 41,
        "line": 14
      },
      "start": {
        "character": 0,
        "line": 14
      }
    }
  },
  {
    "newText": "    Address: 523 Calle de José María Pino Suárez, Centro, Oaxaca, Mexico, 68000",
    "range": {
      "end": {
        "character": 75,
        "line": 15
      },
      "start": {
        "character": 0,
        "line": 15
      }
    }
  },
  {
    "newText": "    Confirmation Number: EXP-2550163618",
    "range": {
      "end": {
        "character": 43,
        "line": 16
      },
      "start": {
        "character": 0,
        "line": 16
      }
    }
  },
  {
    "newText": "07:20 PM  * Dinner at Levadura de Olla",
    "range": {
      "end": {
        "character": 44,
        "line": 18
      },
      "start": {
        "character": 0,
        "line": 18
      }
    }
  },
  {
    "newText": "    Cancel by: 24h before",
    "range": {
      "end": {
        "character": 29,
        "line": 19
      },
      "start": {
        "character": 0,
        "line": 19
      }
    }
  },
  {
    "newText": "    Note: Chef's tasting menu.",
    "range": {
      "end": {
        "character": 34,
        "line": 20
      },
      "start": {
        "character": 0,
        "line": 20
      }
    }
  },
  {
    "newText": "11:30 AM  ? Explore Oaxaca",
    "range": {
      "end": {
        "character": 32,
        "line": 24
      },
      "start": {
        "character": 0,
        "line": 24
      }
    }
  },
  {
    "newText": "    Museum of Cultures of Oaxaca",
    "range": {
      "end": {
        "character": 28,
        "line": 25
      },
      "start": {
        "character": 0,
        "line": 25
      }
    }
  },
  {
    "newText": "    Zocalo",
    "range": {
      "end": {
        "character": 6,
        "line": 26
      },
      "start": {
        "character": 0,
        "line": 26
      }
    }
  },
  {
    "newText": "01:00 PM  * Grab food at Mercado 20 Noviembre",
    "range": {
      "end": {
        "character": 49,
        "line": 28
      },
      "start": {
        "character": 0,
        "line": 28
      }
    }
  }
]
-- applied to trip.wtf (version 2)
# New York | Oaxaca

## Friday, November 20, 2026 · New York | Oaxaca

07:04 AM  > Depart JFK for MEX on AM 405
    Reservation Number: LPSNKQ
    Seats: 22B, 22C
    Note: Flight duration is 5h 51m. 1 free carry on.

11:55 AM  < Arrive at MEX
    Note: 2h 50m layover.

02:45 PM  > Depart MEX for OAX on AM 1050

06:00 PM  @ Check in to Majagua Hotel
    Address: 523 Calle de José María Pino Suárez, Centro, Oaxaca, Mexico, 68000
    Confirmation Number: EXP-2550163618

07:20 PM  * Dinner at Levadura de Olla
    Cancel by: 24h before
    Note: Chef's tasting menu.

SATURDAY, NOVEMBER 21  OAXACA

11:30 AM  ? Explore Oaxaca
    Museum of Cultures of Oaxaca
    Zocalo

01:00 PM  * Grab food at Mercado 20 Noviembre
-- request textDocument/formatting trip.wtf
[]

### 9 cli query trip.wtf import("agenda").between(entries, today(), today() + 6d) | where kind == "stop" | select {title, at} --json
$ wtf query trip.wtf import("agenda").between(entries, today(), today() + 6d) | where kind == "stop" | select {title, at} --json --root <root> --now 2026-09-16T14:00:00-04:00
exit 0
--- stdout
[]

### 10 cli query trip.wtf import("agenda").between(entries, today(), today() + 6d) | where kind == "stop" | select {title, at} --json --now 2026-11-20T12:00:00-05:00
$ wtf query trip.wtf import("agenda").between(entries, today(), today() + 6d) | where kind == "stop" | select {title, at} --json --now 2026-11-20T12:00:00-05:00 --root <root>
exit 0
--- stdout
[
  {
    "at": {
      "type": "datetime",
      "value": "2026-11-20T07:04:00-05:00"
    },
    "title": "> Depart JFK for MEX on AM 405"
  },
  {
    "at": {
      "type": "datetime",
      "value": "2026-11-20T11:55:00-05:00"
    },
    "title": "< Arrive at MEX"
  },
  {
    "at": {
      "type": "datetime",
      "value": "2026-11-20T14:45:00-05:00"
    },
    "title": "> Depart MEX for OAX on AM 1050"
  },
  {
    "at": {
      "type": "datetime",
      "value": "2026-11-20T18:00:00-05:00"
    },
    "title": "@ Check in to Majagua Hotel"
  },
  {
    "at": {
      "type": "datetime",
      "value": "2026-11-20T19:20:00-05:00"
    },
    "title": "* Dinner at Levadura de Olla"
  },
  {
    "at": {
      "type": "datetime",
      "value": "2026-11-21T11:30:00-05:00"
    },
    "title": "? Explore Oaxaca"
  },
  {
    "at": {
      "type": "datetime",
      "value": "2026-11-21T13:00:00-05:00"
    },
    "title": "* Grab food at Mercado 20 Noviembre"
  }
]

