### 0 cli render links.x.md --format text
$ xmd render links.x.md --format text --root <root> --now 2026-09-16T18:00:00Z
exit 0
--- stdout
Links of every shape:
https://github.com/org/repo/pull/42 ○ open · 1m ago
https://github.com/org/repo/issues/3 ✗ closed · 1h ago
https://github.com/org/repo/commit/abcdef12345  · 1d ago
http://github.com/org/repo/pull/1
https://github.com/o/r/pull/2 ✓ merged · ● checks · approved · ! stale · 2w ago
https://github.com/o/r/pull/3 ✗ closed · ✗ checks FAILING · changes requested · just now
Not GitHub links:
https://github.com.evil/org/repo/pull/1
https://github.com/o/r/pull/no
https://github.com/o/r/tree/main
https://github.com/o/r/pull/

### 1 cli query links.x.md map(resources, fn(r) => {target: r.target, metadata: r.metadata}) --json
$ xmd query links.x.md map(resources, fn(r) => {target: r.target, metadata: r.metadata}) --json --root <root> --now 2026-09-16T18:00:00Z
exit 0
--- stdout
[
  {
    "metadata": {
      "checks": null,
      "fetched_at": "2026-09-16T17:59:00Z",
      "merged": false,
      "review": null,
      "state": "open",
      "title": "Hello"
    },
    "target": "https://github.com/org/repo/pull/42"
  },
  {
    "metadata": {
      "checks": null,
      "fetched_at": "2026-09-16T17:00:00Z",
      "merged": null,
      "review": null,
      "state": "closed",
      "title": "An issue"
    },
    "target": "https://github.com/org/repo/issues/3"
  },
  {
    "metadata": {
      "checks": null,
      "fetched_at": "2026-09-15T18:00:00Z",
      "merged": null,
      "review": null,
      "state": "",
      "title": "Commit"
    },
    "target": "https://github.com/org/repo/commit/abcdef12345"
  },
  {
    "metadata": {
      "checks": "pending",
      "fetched_at": "2026-09-09T18:00:00Z",
      "merged": false,
      "review": "review_required",
      "state": "open",
      "title": "Draft"
    },
    "target": "http://github.com/org/repo/pull/1"
  },
  {
    "metadata": {
      "checks": "passing",
      "fetched_at": "2026-09-02T18:00:00Z",
      "merged": true,
      "review": "approved",
      "state": "merged",
      "title": "Merged"
    },
    "target": "https://github.com/o/r/pull/2"
  },
  {
    "metadata": {
      "checks": "failing",
      "fetched_at": "2026-09-16T18:00:00Z",
      "merged": false,
      "review": "changes_requested",
      "state": "closed",
      "title": "Closed"
    },
    "target": "https://github.com/o/r/pull/3"
  },
  {
    "metadata": null,
    "target": "https://github.com.evil/org/repo/pull/1"
  },
  {
    "metadata": null,
    "target": "https://github.com/o/r/pull/no"
  },
  {
    "metadata": null,
    "target": "https://github.com/o/r/tree/main"
  },
  {
    "metadata": null,
    "target": "https://github.com/o/r/pull/"
  }
]

### 2 lsp
-- open links.x.md
-- await textDocument/publishDiagnostics links.x.md
{
  "diagnostics": [],
  "uri": "file://<root>/links.x.md",
  "version": 1
}
-- request textDocument/hover links.x.md 1:5
{
  "contents": {
    "kind": "markdown",
    "value": "[Open resource](<https://github.com/org/repo/pull/42>)\n\n**Hello**\n\nopen · cached 2026-09-16 17:59 UTC\n\nLast refreshed: 2026-09-16T17:59:00+00:00. Use **⟳ github** to update."
  },
  "range": {
    "end": {
      "character": 35,
      "line": 1
    },
    "start": {
      "character": 0,
      "line": 1
    }
  }
}
-- request textDocument/hover links.x.md 5:5
{
  "contents": {
    "kind": "markdown",
    "value": "[Open resource](<https://github.com/o/r/pull/2>)\n\n**Merged**\n\nmerged · checks passing · approved · cached 2026-09-02 18:00 UTC\n\nLast refreshed: 2026-09-02T18:00:00+00:00. Use **⟳ github** to update."
  },
  "range": {
    "end": {
      "character": 29,
      "line": 5
    },
    "start": {
      "character": 0,
      "line": 5
    }
  }
}
-- request textDocument/hover links.x.md 8:5
{
  "contents": {
    "kind": "markdown",
    "value": "[Open resource](<https://github.com.evil/org/repo/pull/1>)"
  },
  "range": {
    "end": {
      "character": 39,
      "line": 8
    },
    "start": {
      "character": 0,
      "line": 8
    }
  }
}
-- request textDocument/documentLink links.x.md
[
  {
    "range": {
      "end": {
        "character": 35,
        "line": 1
      },
      "start": {
        "character": 0,
        "line": 1
      }
    },
    "target": "https://github.com/org/repo/pull/42",
    "tooltip": "Open https://github.com/org/repo/pull/42"
  },
  {
    "range": {
      "end": {
        "character": 36,
        "line": 2
      },
      "start": {
        "character": 0,
        "line": 2
      }
    },
    "target": "https://github.com/org/repo/issues/3",
    "tooltip": "Open https://github.com/org/repo/issues/3"
  },
  {
    "range": {
      "end": {
        "character": 46,
        "line": 3
      },
      "start": {
        "character": 0,
        "line": 3
      }
    },
    "target": "https://github.com/org/repo/commit/abcdef12345",
    "tooltip": "Open https://github.com/org/repo/commit/abcdef12345"
  },
  {
    "range": {
      "end": {
        "character": 33,
        "line": 4
      },
      "start": {
        "character": 0,
        "line": 4
      }
    },
    "target": "http://github.com/org/repo/pull/1",
    "tooltip": "Open http://github.com/org/repo/pull/1"
  },
  {
    "range": {
      "end": {
        "character": 29,
        "line": 5
      },
      "start": {
        "character": 0,
        "line": 5
      }
    },
    "target": "https://github.com/o/r/pull/2",
    "tooltip": "Open https://github.com/o/r/pull/2"
  },
  {
    "range": {
      "end": {
        "character": 29,
        "line": 6
      },
      "start": {
        "character": 0,
        "line": 6
      }
    },
    "target": "https://github.com/o/r/pull/3",
    "tooltip": "Open https://github.com/o/r/pull/3"
  },
  {
    "range": {
      "end": {
        "character": 39,
        "line": 8
      },
      "start": {
        "character": 0,
        "line": 8
      }
    },
    "target": "https://github.com.evil/org/repo/pull/1",
    "tooltip": "Open https://github.com.evil/org/repo/pull/1"
  },
  {
    "range": {
      "end": {
        "character": 30,
        "line": 9
      },
      "start": {
        "character": 0,
        "line": 9
      }
    },
    "target": "https://github.com/o/r/pull/no",
    "tooltip": "Open https://github.com/o/r/pull/no"
  },
  {
    "range": {
      "end": {
        "character": 32,
        "line": 10
      },
      "start": {
        "character": 0,
        "line": 10
      }
    },
    "target": "https://github.com/o/r/tree/main",
    "tooltip": "Open https://github.com/o/r/tree/main"
  },
  {
    "range": {
      "end": {
        "character": 28,
        "line": 11
      },
      "start": {
        "character": 0,
        "line": 11
      }
    },
    "target": "https://github.com/o/r/pull/",
    "tooltip": "Open https://github.com/o/r/pull/"
  }
]

